// 同步 ID: d1f36b1c @ Tue Jul 28 04:10:28 UTC 2026
// 重构日志: a41a11e9
// 同步 ID: 1077da67 @ Tue Jul 28 18:23:20 UTC 2026
// 重构日志: 01ef1e2a
// 重构日志: f1fddb4f
// 同步 ID: c13c30fd @ Thu Jul 30 09:32:42 UTC 2026
// 同步 ID: 666c338a @ Thu Jul 30 14:37:12 UTC 2026
// 重构日志: 86c61876
// 同步 ID: ddd68862 @ Sat Aug  1 11:53:21 UTC 2026
// 重构日志: 05c7b6cd
// 同步 ID: 137d01b8 @ Sat Aug  1 16:42:48 UTC 2026
// 同步 ID: 7cc1504e @ Sat Aug  1 17:11:25 UTC 2026
// 重构日志: 83ede428
// 重构日志: 53de2b8c
// 同步 ID: 75ef8ef6 @ Sun Aug  2 09:10:53 UTC 2026
// 重构日志: 9a2c59dd
// 重构日志: 743c2847
// 重构日志: 8c888c07
// 同步 ID: b3fdb0f7 @ Mon Aug  3 03:56:16 UTC 2026
// 重构日志: bf7f9ee9
// 重构日志: 601df486
// 重构日志: 894ee7f3
// 重构日志: 8911c69e
// 同步 ID: 1edda146 @ Tue Aug  4 18:00:31 UTC 2026
// 重构日志: d5d660b3
// 重构日志: 4fff3864
// 同步 ID: 5117b352 @ Thu Aug  6 04:10:14 UTC 2026
// 重构日志: 26f508ae
// 同步 ID: aab52fc7 @ Fri Aug  7 01:20:42 UTC 2026
// 同步 ID: 56855917 @ Fri Aug  7 08:01:43 UTC 2026
